// Jest Snapshot v1, https://goo.gl/fbAQLP

exports[`teacher attendance component renders correctly should render correctly 1`] = `
<StudendSchedule
  store={
    Object {
      "clearActions": [Function],
      "dispatch": [Function],
      "getActions": [Function],
      "getState": [Function],
      "replaceReducer": [Function],
      "subscribe": [Function],
    }
  }
>
  <Container
    fluid={false}
  >
    <div
      className="container"
    >
      <ForwardRef
        bordered={true}
        hover={true}
        striped={true}
      >
        <table
          className="table table-striped table-bordered table-hover"
        >
          <thead>
            <tr>
              <th>
                #
              </th>
              <th>
                Student Name
              </th>
              <th>
                Subject
              </th>
              <th>
                Allocated Teacher
              </th>
            </tr>
          </thead>
        </table>
      </ForwardRef>
    </div>
  </Container>
</StudendSchedule>
`;
