// Jest Snapshot v1, https://goo.gl/fbAQLP

exports[`teacher attendance component renders correctly should render correctly 1`] = `
<TeacherAttendance>
  <Container
    fluid={false}
  >
    <div
      className="container"
    >
      <ForwardRef
        bordered={true}
        hover={true}
        striped={true}
      >
        <table
          className="table table-striped table-bordered table-hover"
        >
          <thead>
            <tr>
              <th>
                #
              </th>
              <th>
                Teacher
              </th>
              <th>
                Subject
              </th>
              <th>
                Reporting To
              </th>
              <th>
                Attendance
              </th>
            </tr>
          </thead>
          <tbody>
            <tr
              key="ql_HP3WWb5"
            >
              <td>
                1
              </td>
              <td>
                Professor Dumbledore
              </td>
              <td />
              <td />
              <td>
                <select
                  onChange={[Function]}
                  value={true}
                >
                  <option
                    value={false}
                  >
                    Absent
                  </option>
                  <option
                    value={true}
                  >
                    Present
                  </option>
                </select>
              </td>
            </tr>
            <tr
              key="ihUHzDMgDf"
            >
              <td>
                2
              </td>
              <td>
                Minerva McGonagall
              </td>
              <td />
              <td>
                Professor Dumbledore
              </td>
              <td>
                <select
                  onChange={[Function]}
                  value={true}
                >
                  <option
                    value={false}
                  >
                    Absent
                  </option>
                  <option
                    value={true}
                  >
                    Present
                  </option>
                </select>
              </td>
            </tr>
            <tr
              key="vWljuJ10kr"
            >
              <td>
                3
              </td>
              <td>
                Rubeus Hagrid
              </td>
              <td>
                Potions master
              </td>
              <td>
                Minerva McGonagall
              </td>
              <td>
                <select
                  onChange={[Function]}
                  value={true}
                >
                  <option
                    value={false}
                  >
                    Absent
                  </option>
                  <option
                    value={true}
                  >
                    Present
                  </option>
                </select>
              </td>
            </tr>
            <tr
              key="e6Xah9MirI"
            >
              <td>
                4
              </td>
              <td>
                Horace Slughorn
              </td>
              <td>
                Potions master
              </td>
              <td>
                Rubeus Hagrid
              </td>
              <td>
                <select
                  onChange={[Function]}
                  value={true}
                >
                  <option
                    value={false}
                  >
                    Absent
                  </option>
                  <option
                    value={true}
                  >
                    Present
                  </option>
                </select>
              </td>
            </tr>
            <tr
              key="SV4mio1jYY"
            >
              <td>
                5
              </td>
              <td>
                Severus Snape
              </td>
              <td>
                Potions master
              </td>
              <td>
                Rubeus Hagrid
              </td>
              <td>
                <select
                  onChange={[Function]}
                  value={true}
                >
                  <option
                    value={false}
                  >
                    Absent
                  </option>
                  <option
                    value={true}
                  >
                    Present
                  </option>
                </select>
              </td>
            </tr>
            <tr
              key="xhxpdg8RzN"
            >
              <td>
                6
              </td>
              <td>
                Alastor Moody
              </td>
              <td>
                Defense Against the Dark Arts
              </td>
              <td>
                Minerva McGonagall
              </td>
              <td>
                <select
                  onChange={[Function]}
                  value={true}
                >
                  <option
                    value={false}
                  >
                    Absent
                  </option>
                  <option
                    value={true}
                  >
                    Present
                  </option>
                </select>
              </td>
            </tr>
            <tr
              key="rCkLspfCxE"
            >
              <td>
                7
              </td>
              <td>
                Gilderoy Lockhart
              </td>
              <td>
                Defense Against the Dark Arts
              </td>
              <td>
                Alastor Moody
              </td>
              <td>
                <select
                  onChange={[Function]}
                  value={true}
                >
                  <option
                    value={false}
                  >
                    Absent
                  </option>
                  <option
                    value={true}
                  >
                    Present
                  </option>
                </select>
              </td>
            </tr>
          </tbody>
        </table>
      </ForwardRef>
    </div>
  </Container>
</TeacherAttendance>
`;
